Processing esp32dev (platform: espressif32; board: esp32dev; framework: arduino; monitor_speed: 115200; monitor_echo: True; monitor_eol: LF; monitor_filters: esp32_exception_decoder, send_on_enter; lib_deps: adafruit/DHT sensor library, adafruit/Adafruit Unified Sensor, sparkfun/SparkFun MAX3010x Pulse and Proximity Sensor Library, marcoschwartz/LiquidCrystal_I2C)
--------------------------------------------------------------------------------
CONFIGURATION: https://docs.platformio.org/page/boards/espressif32/esp32dev.html
PLATFORM: Espressif 32 (6.13.0) > Espressif ESP32 Dev Module
HARDWARE: ESP32 240MHz, 320KB RAM, 4MB Flash
DEBUG: Current (cmsis-dap) External (cmsis-dap, esp-bridge, esp-prog, iot-bus-jtag, jlink, minimodule, olimex-arm-usb-ocd, olimex-arm-usb-ocd-h, olimex-arm-usb-tiny-h, olimex-jtag-tiny, tumpa)
PACKAGES: 
 - framework-arduinoespressif32 @ 3.20017.241212+sha.dcc1105b 
 - tool-esptoolpy @ 2.41100.0 (4.11.0) 
 - toolchain-xtensa-esp32 @ 8.4.0+2021r2-patch5
LDF: Library Dependency Finder -> https://bit.ly/configure-pio-ldf
LDF Modes: Finder ~ chain, Compatibility ~ soft
Found 37 compatible libraries
Scanning dependencies...
Dependency Graph
|-- DHT sensor library @ 1.4.7 (License: Unknown, Path: D:\Documents\PlatformIO\Projects\clock esp32\.pio\libdeps\esp32dev\DHT sensor library)
|   |-- Adafruit Unified Sensor @ 1.1.15 (License: Unknown, Path: D:\Documents\PlatformIO\Projects\clock esp32\.pio\libdeps\esp32dev\Adafruit Unified Sensor)
|-- Adafruit Unified Sensor @ 1.1.15 (License: Unknown, Path: D:\Documents\PlatformIO\Projects\clock esp32\.pio\libdeps\esp32dev\Adafruit Unified Sensor)
|-- SparkFun MAX3010x Pulse and Proximity Sensor Library @ 1.1.2 (License: Unknown, Path: D:\Documents\PlatformIO\Projects\clock esp32\.pio\libdeps\esp32dev\SparkFun MAX3010x Pulse and Proximity Sensor Library)
|   |-- Wire @ 2.0.0 (License: Unknown, Path: C:\Users\Admin\.platformio\packages\framework-arduinoespressif32\libraries\Wire)
|-- LiquidCrystal_I2C @ 1.1.4 (License: Unknown, Path: D:\Documents\PlatformIO\Projects\clock esp32\.pio\libdeps\esp32dev\LiquidCrystal_I2C)
|   |-- Wire @ 2.0.0 (License: Unknown, Path: C:\Users\Admin\.platformio\packages\framework-arduinoespressif32\libraries\Wire)
|-- Preferences @ 2.0.0 (License: Unknown, Path: C:\Users\Admin\.platformio\packages\framework-arduinoespressif32\libraries\Preferences)
|-- WiFi @ 2.0.0 (License: Unknown, Path: C:\Users\Admin\.platformio\packages\framework-arduinoespressif32\libraries\WiFi)
Building in release mode
xtensa-esp32-elf-g++ -o .pio\build\esp32dev\firmware.elf -mlongcalls -Wno-frame-address -Wl,--cref -Wl,--gc-sections -fno-rtti -fno-lto -Wl,--wrap=esp_log_write -Wl,--wrap=esp_log_writev -Wl,--wrap=log_printf -Wl,--wrap=longjmp -Wl,--undefined=uxTopUsedPriority -T esp32.rom.redefined.ld -T memory.ld -T sections.ld -T esp32.rom.ld -T esp32.rom.api.ld -T esp32.rom.libgcc.ld -T esp32.rom.newlib-data.ld -T esp32.rom.syscalls.ld -T esp32.peripherals.ld -u ld_include_hli_vectors_bt -u _Z5setupv -u _Z4loopv -u esp_app_desc -u pthread_include_pthread_impl -u pthread_include_pthread_cond_var_impl -u pthread_include_pthread_local_storage_impl -u pthread_include_pthread_rwlock_impl -u include_esp_phy_override -u ld_include_highint_hdl -u start_app -u start_app_other_cores -u __ubsan_include -u __assert_func -u vfs_include_syscalls_impl -u app_main -u newlib_include_heap_impl -u newlib_include_syscalls_impl -u newlib_include_pthread_impl -u newlib_include_assert_impl -u __cxa_guard_dummy -Wl,-Map="D:\Documents\PlatformIO\Projects\clock esp32\.pio\build\esp32dev\firmware.map" .pio\build\esp32dev\src\BaoThuc.cpp.o .pio\build\esp32dev\src\Clock.cpp.o .pio\build\esp32dev\src\DHTSensor.cpp.o .pio\build\esp32dev\src\Display.cpp.o .pio\build\esp32dev\src\Global.cpp.o .pio\build\esp32dev\src\MaxSensor.cpp.o .pio\build\esp32dev\src\Menu.cpp.o .pio\build\esp32dev\src\Stopwatch.cpp.o .pio\build\esp32dev\src\Timer.cpp.o .pio\build\esp32dev\src\WiFiManager.cpp.o .pio\build\esp32dev\src\buzzer.cpp.o .pio\build\esp32dev\src\main.cpp.o -L.pio\build\esp32dev -LC:\Users\Admin\.platformio\packages\framework-arduinoespressif32\tools\sdk\esp32\lib -LC:\Users\Admin\.platformio\packages\framework-arduinoespressif32\tools\sdk\esp32\ld -LC:\Users\Admin\.platformio\packages\framework-arduinoespressif32\tools\sdk\esp32\dio_qspi -Wl,--start-group ".pio\build\esp32dev\lib0ae\libAdafruit Unified Sensor.a" ".pio\build\esp32dev\libc39\libDHT sensor library.a" .pio\build\esp32dev\lib771\libWire.a ".pio\build\esp32dev\libc52\libSparkFun MAX3010x Pulse and Proximity Sensor Library.a" .pio\build\esp32dev\lib5a9\libLiquidCrystal_I2C.a .pio\build\esp32dev\lib7d4\libPreferences.a .pio\build\esp32dev\lib13e\libWiFi.a .pio\build\esp32dev\libFrameworkArduino.a -lesp_ringbuf -lefuse -lesp_ipc -ldriver -lesp_pm -lmbedtls -lapp_update -lbootloader_support -lspi_flash -lnvs_flash -lpthread -lesp_gdbstub -lespcoredump -lesp_phy -lesp_system -lesp_rom -lhal -lvfs -lesp_eth -ltcpip_adapter -lesp_netif -lesp_event -lwpa_supplicant -lesp_wifi -lconsole -llwip -llog -lheap -lsoc -lesp_hw_support -lxtensa -lesp_common -lesp_timer -lfreertos -lnewlib -lcxx -lapp_trace -lasio -lbt -lcbor -lunity -lcmock -lcoap -lnghttp -lesp-tls -lesp_adc_cal -lesp_hid -ltcp_transport -lesp_http_client -lesp_http_server -lesp_https_ota -lesp_https_server -lesp_lcd -lprotobuf-c -lprotocomm -lmdns -lesp_local_ctrl -lsdmmc -lesp_serial_slave_link -lesp_websocket_client -lexpat -lwear_levelling -lfatfs -lfreemodbus -ljsmn -ljson -llibsodium -lmqtt -lopenssl -lperfmon -lspiffs -lulp -lwifi_provisioning -lrmaker_common -lesp_diagnostics -lrtc_store -lesp_insights -ljson_parser -ljson_generator -lesp_schedule -lespressif__esp_secure_cert_mgr -lesp_rainmaker -lgpio_button -lqrcode -lws2812_led -lesp32-camera -lesp_littlefs -lespressif__esp-dsp -lfb_gfx -lasio -lcmock -lunity -lcoap -lesp_lcd -lesp_websocket_client -lexpat -lfreemodbus -ljsmn -llibsodium -lperfmon -lesp_adc_cal -lesp_hid -lfatfs -lwear_levelling -lopenssl -lspiffs -lesp_insights -lcbor -lesp_diagnostics -lrtc_store -lesp_rainmaker -lesp_local_ctrl -lesp_https_server -lwifi_provisioning -lprotocomm -lbt -lbtdm_app -lprotobuf-c -lmdns -ljson -ljson_parser -ljson_generator -lesp_schedule -lespressif__esp_secure_cert_mgr -lqrcode -lrmaker_common -lmqtt -lcat_face_detect -lhuman_face_detect -lcolor_detect -lmfn -ldl -lesp_ringbuf -lefuse -lesp_ipc -ldriver -lesp_pm -lmbedtls -lapp_update -lbootloader_support -lspi_flash -lnvs_flash -lpthread -lesp_gdbstub -lespcoredump -lesp_phy -lesp_system -lesp_rom -lhal -lvfs -lesp_eth -ltcpip_adapter -lesp_netif -lesp_event -lwpa_supplicant -lesp_wifi -lconsole -llwip -llog -lheap -lsoc -lesp_hw_support -lxtensa -lesp_common -lesp_timer -lfreertos -lnewlib -lcxx -lapp_trace -lnghttp -lesp-tls -ltcp_transport -lesp_http_client -lesp_http_server -lesp_https_ota -lsdmmc -lesp_serial_slave_link -lulp -lmbedtls_2 -lmbedcrypto -lmbedx509 -lcoexist -lcore -lespnow -lmesh -lnet80211 -lpp -lsmartconfig -lwapi -lesp_ringbuf -lefuse -lesp_ipc -ldriver -lesp_pm -lmbedtls -lapp_update -lbootloader_support -lspi_flash -lnvs_flash -lpthread -lesp_gdbstub -lespcoredump -lesp_phy -lesp_system -lesp_rom -lhal -lvfs -lesp_eth -ltcpip_adapter -lesp_netif -lesp_event -lwpa_supplicant -lesp_wifi -lconsole -llwip -llog -lheap -lsoc -lesp_hw_support -lxtensa -lesp_common -lesp_timer -lfreertos -lnewlib -lcxx -lapp_trace -lnghttp -lesp-tls -ltcp_transport -lesp_http_client -lesp_http_server -lesp_https_ota -lsdmmc -lesp_serial_slave_link -lulp -lmbedtls_2 -lmbedcrypto -lmbedx509 -lcoexist -lcore -lespnow -lmesh -lnet80211 -lpp -lsmartconfig -lwapi -lesp_ringbuf -lefuse -lesp_ipc -ldriver -lesp_pm -lmbedtls -lapp_update -lbootloader_support -lspi_flash -lnvs_flash -lpthread -lesp_gdbstub -lespcoredump -lesp_phy -lesp_system -lesp_rom -lhal -lvfs -lesp_eth -ltcpip_adapter -lesp_netif -lesp_event -lwpa_supplicant -lesp_wifi -lconsole -llwip -llog -lheap -lsoc -lesp_hw_support -lxtensa -lesp_common -lesp_timer -lfreertos -lnewlib -lcxx -lapp_trace -lnghttp -lesp-tls -ltcp_transport -lesp_http_client -lesp_http_server -lesp_https_ota -lsdmmc -lesp_serial_slave_link -lulp -lmbedtls_2 -lmbedcrypto -lmbedx509 -lcoexist -lcore -lespnow -lmesh -lnet80211 -lpp -lsmartconfig -lwapi -lesp_ringbuf -lefuse -lesp_ipc -ldriver -lesp_pm -lmbedtls -lapp_update -lbootloader_support -lspi_flash -lnvs_flash -lpthread -lesp_gdbstub -lespcoredump -lesp_phy -lesp_system -lesp_rom -lhal -lvfs -lesp_eth -ltcpip_adapter -lesp_netif -lesp_event -lwpa_supplicant -lesp_wifi -lconsole -llwip -llog -lheap -lsoc -lesp_hw_support -lxtensa -lesp_common -lesp_timer -lfreertos -lnewlib -lcxx -lapp_trace -lnghttp -lesp-tls -ltcp_transport -lesp_http_client -lesp_http_server -lesp_https_ota -lsdmmc -lesp_serial_slave_link -lulp -lmbedtls_2 -lmbedcrypto -lmbedx509 -lcoexist -lcore -lespnow -lmesh -lnet80211 -lpp -lsmartconfig -lwapi -lesp_ringbuf -lefuse -lesp_ipc -ldriver -lesp_pm -lmbedtls -lapp_update -lbootloader_support -lspi_flash -lnvs_flash -lpthread -lesp_gdbstub -lespcoredump -lesp_phy -lesp_system -lesp_rom -lhal -lvfs -lesp_eth -ltcpip_adapter -lesp_netif -lesp_event -lwpa_supplicant -lesp_wifi -lconsole -llwip -llog -lheap -lsoc -lesp_hw_support -lxtensa -lesp_common -lesp_timer -lfreertos -lnewlib -lcxx -lapp_trace -lnghttp -lesp-tls -ltcp_transport -lesp_http_client -lesp_http_server -lesp_https_ota -lsdmmc -lesp_serial_slave_link -lulp -lmbedtls_2 -lmbedcrypto -lmbedx509 -lcoexist -lcore -lespnow -lmesh -lnet80211 -lpp -lsmartconfig -lwapi -lphy -lrtc -lesp_phy -lphy -lrtc -lesp_phy -lphy -lrtc -lxt_hal -lc -lm -lnewlib -lstdc++ -lpthread -lgcc -lcxx -Wl,--end-group
C:\Users\Admin\.platformio\penv\Scripts\platformio.exe : c:/users/admin/.platfo
rmio/packages/toolchain-xtensa-esp32/bin/../lib/gcc/xtensa-esp32-elf/8.4.0/../.
./../../xtensa-esp32-elf/bin/ld.exe: 
.pio\build\esp32dev\src\main.cpp.o:(.literal._Z5setupv+0x38): undefined 
reference to `BaoThuc::loadFromFlash()'
At line:1 char:53
+ ... ck esp32" ; C:\Users\Admin\.platformio\penv\Scripts\platformio.exe ru ...
+                 ~~~~~~~~~~~~~~~~~~~~~~~~~~~~~~~~~~~~~~~~~~~~~~~~~~~~~~~~~
    + CategoryInfo          : NotSpecified: (c:/users/admin/...oadFromFlash()' 
   :String) [], RemoteException
    + FullyQualifiedErrorId : NativeCommandError
 
c:/users/admin/.platformio/packages/toolchain-xtensa-esp32/bin/../lib/gcc/xtens
a-esp32-elf/8.4.0/../../../../xtensa-esp32-elf/bin/ld.exe: 
.pio\build\esp32dev\src\main.cpp.o: in function `setup()':
D:\Documents\PlatformIO\Projects\clock esp32/src/main.cpp:163: undefined 
reference to `BaoThuc::loadFromFlash()'
collect2.exe: error: ld returned 1 exit status
*** [.pio\build\esp32dev\firmware.elf] Error 1
========================= [FAILED] Took 13.03 seconds =========================
